 Loader

 Timestamp is 64a6f801 (Thu Jul  6 20:21:05 2023)

 Preferred load address is 0000000140000000

 Start         Length     Name                   Class
 0001:00000000 00001419H .text$mn                CODE
 0002:00000000 000000f0H .idata$5                DATA
 0002:000000f0 00001180H .rdata                  DATA
 0002:00001270 00000018H .rdata$voltmd           DATA
 0002:00001288 00000070H .rdata$zzzdbg           DATA
 0002:000012f8 000001b4H .xdata                  DATA
 0002:000014ac 00000000H .edata                  DATA
 0002:000014ac 0000003cH .idata$2                DATA
 0002:000014e8 00000018H .idata$3                DATA
 0002:00001500 000000f0H .idata$4                DATA
 0002:000015f0 00000210H .idata$6                DATA
 0003:00000000 00000000H .data                   DATA
 0003:00000000 00000418H .bss                    DATA
 0004:00000000 00000144H .pdata                  DATA
 0005:00000000 00000060H .rsrc$01                DATA
 0005:00000060 000002e0H .rsrc$02                DATA

  Address         Publics by Value              Rva+Base               Lib:Object

 0000:00000000       __AbsoluteZero             0000000000000000     <absolute>
 0000:00000000       ___safe_se_handler_count   0000000000000000     <absolute>
 0000:00000000       ___safe_se_handler_table   0000000000000000     <absolute>
 0000:00000000       __arm64x_extra_rfe_table   0000000000000000     <absolute>
 0000:00000000       __arm64x_extra_rfe_table_size 0000000000000000     <absolute>
 0000:00000000       __arm64x_native_entrypoint 0000000000000000     <absolute>
 0000:00000000       __arm64x_redirection_metadata 0000000000000000     <absolute>
 0000:00000000       __arm64x_redirection_metadata_count 0000000000000000     <absolute>
 0000:00000000       __dynamic_value_reloc_table 0000000000000000     <absolute>
 0000:00000000       __enclave_config           0000000000000000     <absolute>
 0000:00000000       __guard_check_icall_a64n_fptr 0000000000000000     <absolute>
 0000:00000000       __guard_eh_cont_count      0000000000000000     <absolute>
 0000:00000000       __guard_eh_cont_table      0000000000000000     <absolute>
 0000:00000000       __guard_fids_count         0000000000000000     <absolute>
 0000:00000000       __guard_fids_table         0000000000000000     <absolute>
 0000:00000000       __guard_flags              0000000000000000     <absolute>
 0000:00000000       __guard_iat_count          0000000000000000     <absolute>
 0000:00000000       __guard_iat_table          0000000000000000     <absolute>
 0000:00000000       __guard_longjmp_count      0000000000000000     <absolute>
 0000:00000000       __guard_longjmp_table      0000000000000000     <absolute>
 0000:00000000       __hybrid_auxiliary_iat     0000000000000000     <absolute>
 0000:00000000       __hybrid_auxiliary_iat_copy 0000000000000000     <absolute>
 0000:00000000       __hybrid_code_map          0000000000000000     <absolute>
 0000:00000000       __hybrid_code_map_count    0000000000000000     <absolute>
 0000:00000000       __x64_code_ranges_to_entry_points 0000000000000000     <absolute>
 0000:00000000       __x64_code_ranges_to_entry_points_count 0000000000000000     <absolute>
 0001:00000000       Printf                     0000000140001000 f i main.obj
 0001:00000070       wmain                      0000000140001070 f   main.obj
 0001:000003b0       ?NtProcessStartupW@@YAJPEAU_PEB@@@Z 00000001400013b0 f   main.obj
 0001:00000490       ?getCiValidateImageHeaderEntry@@YA?AUseCiCallbacks_swap@@XZ 0000000140001490 f   load.obj
 0001:00000bb0       WindLoadDriver             0000000140001bb0 f   load.obj
 0001:00000e50       PrintSystemInformation     0000000140001e50 f   sys.obj
 0001:00001413       memcmp                     0000000140002413 f   ntdllp_7:ntdll.dll
 0002:00000000       __imp_GetProcAddress       0000000140003000     kernel32:KERNEL32.dll
 0002:00000008       __imp_ReadConsoleInputW    0000000140003008     kernel32:KERNEL32.dll
 0002:00000010       __imp_LoadLibraryExW       0000000140003010     kernel32:KERNEL32.dll
 0002:00000018       __imp_WriteConsoleW        0000000140003018     kernel32:KERNEL32.dll
 0002:00000020       __imp_VirtualAlloc         0000000140003020     kernel32:KERNEL32.dll
 0002:00000028       __imp_VirtualFree          0000000140003028     kernel32:KERNEL32.dll
 0002:00000030       \177KERNEL32_NULL_THUNK_DATA 0000000140003030     kernel32:KERNEL32.dll
 0002:00000038       __imp_SHDeleteKeyW         0000000140003038     shlwapi:SHLWAPI.dll
 0002:00000040       \177SHLWAPI_NULL_THUNK_DATA 0000000140003040     shlwapi:SHLWAPI.dll
 0002:00000048       __imp_RtlWriteRegistryValue 0000000140003048     ntdllp_7:ntdll.dll
 0002:00000050       __imp_NtQuerySystemInformation 0000000140003050     ntdllp_7:ntdll.dll
 0002:00000058       __imp_NtUnloadDriver       0000000140003058     ntdllp_7:ntdll.dll
 0002:00000060       __imp_RtlCreateRegistryKey 0000000140003060     ntdllp_7:ntdll.dll
 0002:00000068       __imp_RtlInitUnicodeString 0000000140003068     ntdllp_7:ntdll.dll
 0002:00000070       __imp_NtCreateFile         0000000140003070     ntdllp_7:ntdll.dll
 0002:00000078       __imp_wcscat_s             0000000140003078     ntdllp_7:ntdll.dll
 0002:00000080       __imp_RtlGetFullPathName_UEx 0000000140003080     ntdllp_7:ntdll.dll
 0002:00000088       __imp_NtDeviceIoControlFile 0000000140003088     ntdllp_7:ntdll.dll
 0002:00000090       __imp_RtlAdjustPrivilege   0000000140003090     ntdllp_7:ntdll.dll
 0002:00000098       __imp__stricmp             0000000140003098     ntdllp_7:ntdll.dll
 0002:000000a0       __imp_NtLoadDriver         00000001400030a0     ntdllp_7:ntdll.dll
 0002:000000a8       __imp_RtlFreeHeap          00000001400030a8     ntdllp_7:ntdll.dll
 0002:000000b0       __imp_NtClose              00000001400030b0     ntdllp_7:ntdll.dll
 0002:000000b8       __imp_NtTerminateProcess   00000001400030b8     ntdllp_7:ntdll.dll
 0002:000000c0       __imp_RtlNormalizeProcessParams 00000001400030c0     ntdllp_7:ntdll.dll
 0002:000000c8       __imp_RtlAllocateHeap      00000001400030c8     ntdllp_7:ntdll.dll
 0002:000000d0       __imp_wcscpy_s             00000001400030d0     ntdllp_7:ntdll.dll
 0002:000000d8       __imp__vsnwprintf          00000001400030d8     ntdllp_7:ntdll.dll
 0002:000000e0       __imp_memcmp               00000001400030e0     ntdllp_7:ntdll.dll
 0002:000000e8       \177ntdll_NULL_THUNK_DATA  00000001400030e8     ntdllp_7:ntdll.dll
 0002:000000f0       ??_C@_1DC@EJEBLPGF@?$AAD?$AAr?$AAi?$AAv?$AAe?$AAr?$AA?5?$AAl?$AAo?$AAa?$AAd?$AA?5?$AAe?$AAr?$AAr@ 00000001400030f0     main.obj
 0002:00000128       ??_C@_1DO@KICFHBNG@?$AAD?$AAr?$AAi?$AAv?$AAe?$AAr?$AA?5?$AAu?$AAn?$AAl?$AAo?$AAa?$AAd?$AAe?$AAd@ 0000000140003128     main.obj
 0002:00000168       ??_C@_1DM@PNMOPACJ@?$AAE?$AAr?$AAr?$AAo?$AAr?$AA?5?$AAu?$AAn?$AAl?$AAo?$AAa?$AAd?$AAi?$AAn?$AAg@ 0000000140003168     main.obj
 0002:000001a8       ??_C@_1DE@MOJOBJEC@?$AA?$FL?$AA?$CB?$AA?$FN?$AA?5?$AAS?$AAe?$AAa?$AAr?$AAc?$AAh?$AAi?$AAn?$AAg?$AA?5?$AAp@ 00000001400031a8     load.obj
 0002:000001e0       ??_C@_0N@FJBNMICO@ntoskrnl?4exe@ 00000001400031e0     load.obj
 0002:000001f0       ??_C@_1BK@ELHOPPAM@?$AAn?$AAt?$AAo?$AAs?$AAk?$AAr?$AAn?$AAl?$AA?4?$AAe?$AAx?$AAe@ 00000001400031f0     load.obj
 0002:00000210       ??_C@_1FI@GMNPKIAM@?$AA?$FL?$AA?$CB?$AA?$FN?$AA?5?$AAC?$AAo?$AAu?$AAl?$AAd?$AAn?$AAt?$AA?5?$AAf?$AAi?$AAn@ 0000000140003210     load.obj
 0002:00000268       ??_C@_1CA@FJEBKNNF@?$AA?$FL?$AA?$CK?$AA?$FN?$AA?5?$AAI?$AAn?$AAs?$AAt?$AAr?$AA?5?$AA?3?$AA?5?$AA?$CF?$AAp?$AA?6@ 0000000140003268     load.obj
 0002:00000288       ??_C@_1DO@HCGAKKF@?$AA?$FL?$AA?$CK?$AA?$FN?$AA?5?$AAu?$AAs?$AAe?$AAr?$AAm?$AAo?$AAd?$AAe?$AA?5?$AAC?$AAi@ 0000000140003288     load.obj
 0002:000002c8       ??_C@_1CE@HKGJBAPG@?$AA?$FL?$AA?$CK?$AA?$FN?$AA?5?$AAO?$AAf?$AAf?$AAs?$AAe?$AAt?$AA?5?$AA?5?$AA?3?$AA?5?$AA?$CF@ 00000001400032c8     load.obj
 0002:000002f0       ??_C@_1DA@IMMMNICH@?$AA?$FL?$AA?$CK?$AA?$FN?$AA?5?$AAK?$AAe?$AAr?$AAn?$AAe?$AAl?$AAA?$AAd?$AAd?$AAr?$AAe@ 00000001400032f0     load.obj
 0002:00000320       ??_C@_0BI@LEEJKIGN@ZwFlushInstructionCache@ 0000000140003320     load.obj
 0002:00000338       ??_C@_19JHEHLFPM@?$AA?2?$AA?$DP?$AA?$DP?$AA?2@ 0000000140003338     load.obj
 0002:00000350       ??_C@_1GK@CIEMKNHL@?$AA?2?$AAR?$AAe?$AAg?$AAi?$AAs?$AAt?$AAr?$AAy?$AA?2?$AAM?$AAa?$AAc?$AAh?$AAi@ 0000000140003350     load.obj
 0002:000003c0       ??_C@_1BE@CMLCLKJK@?$AAI?$AAm?$AAa?$AAg?$AAe?$AAP?$AAa?$AAt?$AAh@ 00000001400033c0     load.obj
 0002:000003d8       ??_C@_19BIEPDBPA@?$AAT?$AAy?$AAp?$AAe@ 00000001400033d8     load.obj
 0002:000003e8       ??_C@_1BI@CENACGPA@?$AA?2?$AAD?$AAe?$AAv?$AAi?$AAc?$AAe?$AA?2?$AAG?$AAI?$AAO@ 00000001400033e8     load.obj
 0002:00000400       ??_C@_1HI@JIEIFFOB@?$AAF?$AAa?$AAi?$AAl?$AAe?$AAd?$AA?5?$AAt?$AAo?$AA?5?$AAo?$AAb?$AAt?$AAa?$AAi@ 0000000140003400     load.obj
 0002:00000480       ??_C@_1HA@FBOFIBE@?$AAF?$AAa?$AAi?$AAl?$AAe?$AAd?$AA?5?$AAt?$AAo?$AA?5?$AAl?$AAo?$AAa?$AAd?$AA?5@ 0000000140003480     load.obj
 0002:000004f0       ??_C@_1BO@FHIJECLD@?$AA?$FL?$AA?$CB?$AA?$FN?$AA?5?$AAW?$AAh?$AAe?$AAr?$AAe?$AA?3?$AA?5?$AA?$CF?$AAp?$AA?6@ 00000001400034f0     load.obj
 0002:00000510       ??_C@_1BO@MKKKGFMN@?$AA?$FL?$AA?$CB?$AA?$FN?$AA?5?$AAW?$AAh?$AAa?$AAt?$AA?5?$AA?3?$AA?5?$AA?$CF?$AAp?$AA?6@ 0000000140003510     load.obj
 0002:00000530       ??_C@_1II@GANCOCNG@?$AAN?$AAt?$AAD?$AAe?$AAv?$AAi?$AAc?$AAe?$AAI?$AAo?$AAC?$AAo?$AAn?$AAt?$AAr@ 0000000140003530     load.obj
 0002:000005b8       ??_C@_1DI@EFLFJCEO@?$AA?$FL?$AA?$CK?$AA?$FN?$AA?5?$AAO?$AAr?$AAi?$AAg?$AAi?$AAn?$AAa?$AAl?$AA?5?$AAC?$AAa@ 00000001400035b8     load.obj
 0002:000005f0       ??_C@_1FE@FJIJHKEL@?$AA?$FL?$AA?$CK?$AA?$FN?$AA?5?$AAS?$AAu?$AAc?$AAc?$AAe?$AAs?$AAs?$AAf?$AAu?$AAl?$AAl@ 00000001400035f0     load.obj
 0002:00000648       ??_C@_1DA@CGAPIHFP@?$AA?$FL?$AA?$CK?$AA?$FN?$AA?5?$AAR?$AAe?$AAs?$AAt?$AAo?$AAr?$AAe?$AAd?$AA?5?$AAc?$AAa@ 0000000140003648     load.obj
 0002:00000680       ??_C@_1MM@ILEDHEHO@?$AAF?$AAa?$AAt?$AAa?$AAl?$AA?5?$AAe?$AAr?$AAr?$AAo?$AAr?$AA?3?$AA?5?$AAf?$AAa@ 0000000140003680     load.obj
 0002:00000750       ??_C@_1IM@NEHGGGMG@?$AA?$HL?$AA?$CF?$AA0?$AA8?$AAl?$AAx?$AA?9?$AA?$CF?$AA0?$AA4?$AAh?$AAx?$AA?9?$AA?$CF?$AA0@ 0000000140003750     sys.obj
 0002:000007e0       ??_C@_1FO@ILFCGLJ@?$AAS?$AAy?$AAs?$AAt?$AAe?$AAm?$AAB?$AAo?$AAo?$AAt?$AAE?$AAn?$AAv?$AAi?$AAr@ 00000001400037e0     sys.obj
 0002:00000840       ??_C@_1GM@LADBOMHO@?$AAS?$AAy?$AAs?$AAt?$AAe?$AAm?$AAB?$AAo?$AAo?$AAt?$AAE?$AAn?$AAv?$AAi?$AAr@ 0000000140003840     sys.obj
 0002:000008b0       ??_C@_19BNCIOIMK@?$AAU?$AAE?$AAF?$AAI@ 00000001400038b0     sys.obj
 0002:000008c0       ??_C@_19JHFOIBCH@?$AAB?$AAI?$AAO?$AAS@ 00000001400038c0     sys.obj
 0002:000008d0       ??_C@_1FE@FEFPFOOL@?$AA?6?$AA?7?$AA?9?$AA?5?$AAF?$AAi?$AAr?$AAm?$AAw?$AAa?$AAr?$AAe?$AAT?$AAy?$AAp@ 00000001400038d0     sys.obj
 0002:00000930       ??_C@_1EA@MHGENFLH@?$AAS?$AAy?$AAs?$AAt?$AAe?$AAm?$AAM?$AAo?$AAd?$AAu?$AAl?$AAe?$AAI?$AAn?$AAf@ 0000000140003930     sys.obj
 0002:00000970       ??_C@_1FM@BOPPIAOD@?$AAS?$AAy?$AAs?$AAt?$AAe?$AAm?$AAM?$AAo?$AAd?$AAu?$AAl?$AAe?$AAI?$AAn?$AAf@ 0000000140003970     sys.obj
 0002:000009d0       ??_C@_1FK@ILAPIPLO@?$AAS?$AAy?$AAs?$AAt?$AAe?$AAm?$AAC?$AAo?$AAd?$AAe?$AAI?$AAn?$AAt?$AAe?$AAg@ 00000001400039d0     sys.obj
 0002:00000a30       ??_C@_1HM@NKOGMMJC@?$AAS?$AAy?$AAs?$AAt?$AAe?$AAm?$AAC?$AAo?$AAd?$AAe?$AAI?$AAn?$AAt?$AAe?$AAg@ 0000000140003a30     sys.obj
 0002:00000ab0       ??_C@_1FM@PDLLNEEP@?$AAS?$AAy?$AAs?$AAt?$AAe?$AAm?$AAK?$AAe?$AAr?$AAn?$AAe?$AAl?$AAD?$AAe?$AAb@ 0000000140003ab0     sys.obj
 0002:00000b10       ??_C@_1MA@CINOEOHD@?$AAS?$AAy?$AAs?$AAt?$AAe?$AAm?$AAK?$AAe?$AAr?$AAn?$AAe?$AAl?$AAD?$AAe?$AAb@ 0000000140003b10     sys.obj
 0002:00000bd0       ??_C@_1GA@COCHOGOE@?$AAS?$AAy?$AAs?$AAt?$AAe?$AAm?$AAK?$AAe?$AAr?$AAn?$AAe?$AAl?$AAD?$AAe?$AAb@ 0000000140003bd0     sys.obj
 0002:00000c30       ??_C@_1NE@LFMKKBAG@?$AAS?$AAy?$AAs?$AAt?$AAe?$AAm?$AAK?$AAe?$AAr?$AAn?$AAe?$AAl?$AAD?$AAe?$AAb@ 0000000140003c30     sys.obj
 0002:00000d10       ??_C@_1FI@MHMEKNON@?$AAS?$AAh?$AAa?$AAr?$AAe?$AAd?$AAU?$AAs?$AAe?$AAr?$AAD?$AAa?$AAt?$AAa?$AA?9@ 0000000140003d10     sys.obj
 0002:00000d70       ??_C@_1FA@IMFNPDBI@?$AAS?$AAy?$AAs?$AAt?$AAe?$AAm?$AAK?$AAe?$AAr?$AAn?$AAe?$AAl?$AAD?$AAe?$AAb@ 0000000140003d70     sys.obj
 0002:00000dc0       ??_C@_1EI@CLKGHGHK@?$AAS?$AAy?$AAs?$AAt?$AAe?$AAm?$AAK?$AAe?$AAr?$AAn?$AAe?$AAl?$AAD?$AAe?$AAb@ 0000000140003dc0     sys.obj
 0002:00000e10       ??_C@_1GG@HLPLDJAG@?$AAS?$AAy?$AAs?$AAt?$AAe?$AAm?$AAC?$AAo?$AAd?$AAe?$AAI?$AAn?$AAt?$AAe?$AAg@ 0000000140003e10     sys.obj
 0002:00000e80       ??_C@_1KE@IKKENDCK@?$AAS?$AAy?$AAs?$AAt?$AAe?$AAm?$AAC?$AAo?$AAd?$AAe?$AAI?$AAn?$AAt?$AAe?$AAg@ 0000000140003e80     sys.obj
 0002:00000f30       ??_C@_1HM@KEGJPADE@?$AAS?$AAy?$AAs?$AAt?$AAe?$AAm?$AAK?$AAe?$AAr?$AAn?$AAe?$AAl?$AAD?$AAe?$AAb@ 0000000140003f30     sys.obj
 0002:00000fb0       ??_C@_1FG@DAIFNKCN@?$AAS?$AAy?$AAs?$AAt?$AAe?$AAm?$AAK?$AAe?$AAr?$AAn?$AAe?$AAl?$AAD?$AAe?$AAb@ 0000000140003fb0     sys.obj
 0002:00001010       ??_C@_1EG@GGHEHIFF@?$AAS?$AAy?$AAs?$AAt?$AAe?$AAm?$AAK?$AAe?$AAr?$AAn?$AAe?$AAl?$AAD?$AAe?$AAb@ 0000000140004010     sys.obj
 0002:00001060       ??_C@_1GG@GPGAKHFD@?$AAS?$AAy?$AAs?$AAt?$AAe?$AAm?$AAC?$AAo?$AAd?$AAe?$AAI?$AAn?$AAt?$AAe?$AAg@ 0000000140004060     sys.obj
 0002:000010d0       ??_C@_1FE@JEGKGBOL@?$AAS?$AAy?$AAs?$AAt?$AAe?$AAm?$AAC?$AAo?$AAd?$AAe?$AAI?$AAn?$AAt?$AAe?$AAg@ 00000001400040d0     sys.obj
 0002:00001130       ??_C@_1NI@DBIKOFEI@?$AAS?$AAy?$AAs?$AAt?$AAe?$AAm?$AAC?$AAo?$AAd?$AAe?$AAI?$AAn?$AAt?$AAe?$AAg@ 0000000140004130     sys.obj
 0002:00001208       ??_C@_1DA@DFAONPMJ@?$AAP?$AAr?$AAe?$AAs?$AAs?$AA?5?$AAa?$AAn?$AAy?$AA?5?$AAk?$AAe?$AAy?$AA?5?$AAt@ 0000000140004208     sys.obj
 0002:00001270       __volatile_metadata        0000000140004270     <linker-defined>
 0002:000014ac       __IMPORT_DESCRIPTOR_ntdll  00000001400044ac     ntdllp_7:ntdll.dll
 0002:000014c0       __IMPORT_DESCRIPTOR_KERNEL32 00000001400044c0     kernel32:KERNEL32.dll
 0002:000014d4       __IMPORT_DESCRIPTOR_SHLWAPI 00000001400044d4     shlwapi:SHLWAPI.dll
 0002:000014e8       __NULL_IMPORT_DESCRIPTOR   00000001400044e8     ntdllp_7:ntdll.dll

 entry point at        0001:000003b0

 Static symbols

 0000:ffff8000       .debug$S                   0000000140000000     kernel32:KERNEL32.dll
 0000:ffff8000       .debug$S                   0000000140000000     kernel32:KERNEL32.dll
 0000:ffff8000       .debug$S                   0000000140000000     kernel32:KERNEL32.dll
 0000:ffff8000       .debug$S                   0000000140000000     kernel32:KERNEL32.dll
 0000:ffff8000       .debug$S                   0000000140000000     kernel32:KERNEL32.dll
 0000:ffff8000       .debug$S                   0000000140000000     kernel32:KERNEL32.dll
 0000:ffff8000       .debug$S                   0000000140000000     kernel32:KERNEL32.dll
 0000:ffff8000       .debug$S                   0000000140000000     kernel32:KERNEL32.dll
 0000:ffff8000       .debug$S                   0000000140000000     kernel32:KERNEL32.dll
 0000:ffff8000       .debug$S                   0000000140000000     kernel32:KERNEL32.dll
 0000:ffff8000       .debug$S                   0000000140000000     shlwapi:SHLWAPI.dll
 0000:ffff8000       .debug$S                   0000000140000000     ntdllp_7:ntdll.dll
 0000:ffff8000       .debug$S                   0000000140000000     ntdllp_7:ntdll.dll
 0000:ffff8000       .debug$S                   0000000140000000     ntdllp_7:ntdll.dll
 0000:ffff8000       .debug$S                   0000000140000000     ntdllp_7:ntdll.dll
 0000:ffff8000       .debug$S                   0000000140000000     ntdllp_7:ntdll.dll
 0000:ffff8000       .debug$S                   0000000140000000     ntdllp_7:ntdll.dll
 0000:ffff8000       .debug$S                   0000000140000000     ntdllp_7:ntdll.dll
 0000:ffff8000       .debug$S                   0000000140000000     ntdllp_7:ntdll.dll
 0000:ffff8000       .debug$S                   0000000140000000     ntdllp_7:ntdll.dll
 0000:ffff8000       .debug$S                   0000000140000000     ntdllp_7:ntdll.dll
 0000:ffff8000       .debug$S                   0000000140000000     ntdllp_7:ntdll.dll
 0000:ffff8000       .debug$S                   0000000140000000     ntdllp_7:ntdll.dll
 0000:ffff8000       .debug$S                   0000000140000000     ntdllp_7:ntdll.dll
 0000:ffff8000       .debug$S                   0000000140000000     ntdllp_7:ntdll.dll
 0000:ffff8000       .debug$S                   0000000140000000     ntdllp_7:ntdll.dll
 0000:ffff8000       .debug$S                   0000000140000000     ntdllp_7:ntdll.dll
 0000:ffff8000       .debug$S                   0000000140000000     ntdllp_7:ntdll.dll
 0000:ffff8000       .debug$S                   0000000140000000     ntdllp_7:ntdll.dll
 0000:ffff8000       .debug$S                   0000000140000000     ntdllp_7:ntdll.dll
 0000:ffff8000       .debug$S                   0000000140000000     ntdllp_7:ntdll.dll
 0000:ffff8000       .debug$S                   0000000140000000     ntdllp_7:ntdll.dll
 0000:ffff8000       .debug$S                   0000000140000000     ntdllp_7:ntdll.dll
 0000:ffff8000       .debug$S                   0000000140000000     ntdllp_7:ntdll.dll
 0000:ffff8000       .debug$S                   0000000140000000     ntdllp_7:ntdll.dll
 0000:ffff8000       .debug$S                   0000000140000000     ntdllp_7:ntdll.dll
 0000:ffff8000       .debug$S                   0000000140000000     ntdllp_7:ntdll.dll
 0001:000001f0       ?ParseCommandLine@@YAXPEA_WPEAPEA_W0PEAK2@Z 00000001400011f0 f   main.obj
 0001:000006c0       ?FileNameToServiceName@@YAXPEA_W0@Z 00000001400016c0 f   load.obj
 0001:00000760       ?TriggerExploit@@YAJPEA_W0@Z 0000000140001760 f   load.obj
 0002:000012f8       $unwind$Printf             00000001400042f8     main.obj
 0002:00001300       $unwind$wmain              0000000140004300     main.obj
 0002:00001308       $chain$0$wmain             0000000140004308     main.obj
 0002:0000131c       $chain$1$wmain             000000014000431c     main.obj
 0002:0000131c       $chain$5$wmain             000000014000431c     main.obj
 0002:0000132c       $chain$2$wmain             000000014000432c     main.obj
 0002:00001340       $chain$3$wmain             0000000140004340     main.obj
 0002:00001354       $chain$4$wmain             0000000140004354     main.obj
 0002:00001364       $unwind$?ParseCommandLine@@YAXPEA_WPEAPEA_W0PEAK2@Z 0000000140004364     main.obj
 0002:00001378       $unwind$?NtProcessStartupW@@YAJPEAU_PEB@@@Z 0000000140004378     main.obj
 0002:00001388       $unwind$?getCiValidateImageHeaderEntry@@YA?AUseCiCallbacks_swap@@XZ 0000000140004388     load.obj
 0002:00001398       $chain$0$?getCiValidateImageHeaderEntry@@YA?AUseCiCallbacks_swap@@XZ 0000000140004398     load.obj
 0002:000013ac       $chain$1$?getCiValidateImageHeaderEntry@@YA?AUseCiCallbacks_swap@@XZ 00000001400043ac     load.obj
 0002:000013ac       $chain$3$?getCiValidateImageHeaderEntry@@YA?AUseCiCallbacks_swap@@XZ 00000001400043ac     load.obj
 0002:000013bc       $chain$2$?getCiValidateImageHeaderEntry@@YA?AUseCiCallbacks_swap@@XZ 00000001400043bc     load.obj
 0002:000013d0       $unwind$?FileNameToServiceName@@YAXPEA_W0@Z 00000001400043d0     load.obj
 0002:000013e0       $unwind$?TriggerExploit@@YAJPEA_W0@Z 00000001400043e0     load.obj
 0002:000013f4       $chain$0$?TriggerExploit@@YAJPEA_W0@Z 00000001400043f4     load.obj
 0002:00001408       $chain$1$?TriggerExploit@@YAJPEA_W0@Z 0000000140004408     load.obj
 0002:0000141c       $chain$2$?TriggerExploit@@YAJPEA_W0@Z 000000014000441c     load.obj
 0002:0000142c       $chain$3$?TriggerExploit@@YAJPEA_W0@Z 000000014000442c     load.obj
 0002:0000143c       $unwind$WindLoadDriver     000000014000443c     load.obj
 0002:00001450       $unwind$PrintSystemInformation 0000000140004450     sys.obj
 0002:00001460       $chain$0$PrintSystemInformation 0000000140004460     sys.obj
 0002:00001474       $chain$2$PrintSystemInformation 0000000140004474     sys.obj
 0002:0000148c       $chain$3$PrintSystemInformation 000000014000448c     sys.obj
 0002:0000149c       $chain$4$PrintSystemInformation 000000014000449c     sys.obj
 0002:0000175c       .idata$6                   000000014000475c     ntdllp_7:ntdll.dll
 0002:000017cc       .idata$6                   00000001400047cc     kernel32:KERNEL32.dll
 0002:000017ea       .idata$6                   00000001400047ea     shlwapi:SHLWAPI.dll
 0003:00000000       ?DriverServiceName@@3PA_WA 0000000140005000     load.obj
 0003:00000210       ?LoaderServiceName@@3PA_WA 0000000140005210     load.obj
 0005:00000060       $R000000                   0000000140007060     resource.res
